1 BOUND:02e87f57bff8c1ce3c273132d0d7508ffcb9a83e:6b69320ec6df5ac90c0476b7ed5b2fee1e489e84
2 BOUND:88a0cd4ea6156a11bdce3b11f2e78e85acd70e11:02ffa912558a1e164f5f35b4a1e0a5198346a350
3 PARAPHRASE:ef7b9208c6ac6a31c26bd84d7cfb3f3d2ed452c3:dcaf3e94c84cf6a28f18d38e598812284167d5e1
4 BOUND:0c6ccff1b649f75d1c3d8a626cf3da49a30ba360:87edd52402ccb973fa40efdb430968ad4b1797dd
5 BOUND:f9d64582df513b3236a67c38788459a803beb20b:2010c3287289012f42e63310cefc0e608b9f9533
6 BOUND:454cecb9c775f0e2d249ab237e75fc31730b29ea:395c43b57336afc0ac01dd27ca65017f67fc19c9
7 UNBINDABLE:59870fa7c9b29378b933b68334c11483ac309a1a:3718e082940ce5f8fded1582ae6d5885ef6d9176
8 BOUND:626de5943e727d5c656c85672bc5282799f77eda:91dcffcbcdba84334113d13cd07bc5652dee138d
9 UNBINDABLE:fbf231a0f92be0ca88d047c0771401de493c7348:d54603b834720b7a7099d47ccfd8d8c1dc702100
10 BOUND:9b968efc0520881e82bc199b6fb7fab996d3a4cd:2705234058929d599cba01ba13aa94d407ce987f
11 BOUND:14e5e1f166d2ce7a9c4c798a913ec31d9cae86f0:85fca8b90a38bd5cc54e31f405f12b76745bd05c
12 MISMATCH:8ef93f4f36c3638f37b4bd3237c14bbd02c7cad6:87edd52402ccb973fa40efdb430968ad4b1797dd
13 BOUND:5e97a94644d886947f9390fbb7a277fa1c8fa371:5634438835f559c7b9cb434b0890bd1dba3da1a5
14 BOUND:7a750ea39603c444cf140032c1c96f3b501e79a0:fa24efec0335288304bbb34d0886cfa64ca2cc2a
15 BOUND:68c62930f5cf554dffb3c46d08056ac897ecfb59:8c56495fcda59a82040a61d60542da9c2efbf72e
16 BOUND:2a1992ef049a7bbdb6e5ea59e4efde302aa61741:45b18ce01a707691b6242f9e08cb4eccc413bb07
17 BOUND:33a0a100891dcf30be983d94279bae707300bafd:ef59d846ab1500adb3f0f44e4f6b7823f00136e4
18 BOUND:77e820fd6de55acdafbf8e1c589cb2aa92a6b06b:12b7c5e85f41b664d68e89531ce344779183fde4
19 BOUND:81ee454e490ab191ec765773b3ca414f7dc3d68d:4ffaf4206804beccecffda8732ed437bb68daca3
20 BOUND:0fc18970dbe8c290424977eea71e5926bb2cf69b:5448b3b663afa0ae5be360992a572aae18b20b73
21 BOUND:7e502961cd4579cd6280a12ae2f0174d3fa529c3:c49c960e2263d2c5f4bba170343fe5e93a1a181d
22 BOUND:e5a66927ad0f82cf90254032358a1251b60b643e:a0375591617be6d4eb10e408e6f9d6756d0e3ea3
23 BOUND:69ed074f9ce96b19cb47d0132b03a6b1d6dcfec4:4c09bd14e70c8d537fb55a1d3fc7fef81054c719
END 23
